Parsed test spec with 2 sessions

starting permutation: first_check second_check first_create second_create first_lock first_list
step first_check: SELECT table_name FROM information_schema.tables WHERE table_schema = 'public' AND table_name = 'pgmigrations';
table_name
----------
(0 rows)

step second_check: SELECT table_name FROM information_schema.tables WHERE table_schema = 'public' AND table_name = 'pgmigrations';
table_name
----------
(0 rows)

step first_create: CREATE TABLE "public"."pgmigrations" ( id SERIAL PRIMARY KEY, name varchar(255) NOT NULL, run_on timestamp NOT NULL);
step second_create: CREATE TABLE "public"."pgmigrations" ( id SERIAL PRIMARY KEY, name varchar(255) NOT NULL, run_on timestamp NOT NULL);
ERROR:  relation "pgmigrations" already exists
step first_lock: select pg_try_advisory_lock(7241865325823964) as "lockObtained";
lockObtained
------------
t           
(1 row)

step first_list: SELECT name FROM "public"."pgmigrations" ORDER BY run_on, id;
name
----
(0 rows)

pg_advisory_unlock_all
----------------------
                      
(1 row)

pg_advisory_unlock_all
----------------------
                      
(1 row)


starting permutation: first_check first_create first_lock first_list first_close second_check second_pkey second_lock second_list
step first_check: SELECT table_name FROM information_schema.tables WHERE table_schema = 'public' AND table_name = 'pgmigrations';
table_name
----------
(0 rows)

step first_create: CREATE TABLE "public"."pgmigrations" ( id SERIAL PRIMARY KEY, name varchar(255) NOT NULL, run_on timestamp NOT NULL);
step first_lock: select pg_try_advisory_lock(7241865325823964) as "lockObtained";
lockObtained
------------
t           
(1 row)

step first_list: SELECT name FROM "public"."pgmigrations" ORDER BY run_on, id;
name
----
(0 rows)

step first_close: SELECT pg_advisory_unlock_all();
pg_advisory_unlock_all
----------------------
                      
(1 row)

step second_check: SELECT table_name FROM information_schema.tables WHERE table_schema = 'public' AND table_name = 'pgmigrations';
table_name  
------------
pgmigrations
(1 row)

step second_pkey: SELECT constraint_name FROM information_schema.table_constraints WHERE table_schema = 'public' AND table_name = 'pgmigrations' AND constraint_type = 'PRIMARY KEY';
constraint_name  
-----------------
pgmigrations_pkey
(1 row)

step second_lock: select pg_try_advisory_lock(7241865325823964) as "lockObtained";
lockObtained
------------
t           
(1 row)

step second_list: SELECT name FROM "public"."pgmigrations" ORDER BY run_on, id;
name
----
(0 rows)

pg_advisory_unlock_all
----------------------
                      
(1 row)

pg_advisory_unlock_all
----------------------
                      
(1 row)


starting permutation: second_check second_create second_lock second_list second_close first_check first_pkey first_lock first_list
step second_check: SELECT table_name FROM information_schema.tables WHERE table_schema = 'public' AND table_name = 'pgmigrations';
table_name
----------
(0 rows)

step second_create: CREATE TABLE "public"."pgmigrations" ( id SERIAL PRIMARY KEY, name varchar(255) NOT NULL, run_on timestamp NOT NULL);
step second_lock: select pg_try_advisory_lock(7241865325823964) as "lockObtained";
lockObtained
------------
t           
(1 row)

step second_list: SELECT name FROM "public"."pgmigrations" ORDER BY run_on, id;
name
----
(0 rows)

step second_close: SELECT pg_advisory_unlock_all();
pg_advisory_unlock_all
----------------------
                      
(1 row)

step first_check: SELECT table_name FROM information_schema.tables WHERE table_schema = 'public' AND table_name = 'pgmigrations';
table_name  
------------
pgmigrations
(1 row)

step first_pkey: SELECT constraint_name FROM information_schema.table_constraints WHERE table_schema = 'public' AND table_name = 'pgmigrations' AND constraint_type = 'PRIMARY KEY';
constraint_name  
-----------------
pgmigrations_pkey
(1 row)

step first_lock: select pg_try_advisory_lock(7241865325823964) as "lockObtained";
lockObtained
------------
t           
(1 row)

step first_list: SELECT name FROM "public"."pgmigrations" ORDER BY run_on, id;
name
----
(0 rows)

pg_advisory_unlock_all
----------------------
                      
(1 row)

pg_advisory_unlock_all
----------------------
                      
(1 row)

