Parsed test spec with 3 sessions

starting permutation: alice_read bob_read alice_insert bob_insert check
step alice_read: select * from "public"."knex_migrations_lock";
index|is_locked
-----+---------
(0 rows)

step bob_read: select * from "public"."knex_migrations_lock";
index|is_locked
-----+---------
(0 rows)

step alice_insert: insert into "public"."knex_migrations_lock" ("is_locked") select 0 where not exists (select * from "public"."knex_migrations_lock");
step bob_insert: insert into "public"."knex_migrations_lock" ("is_locked") select 0 where not exists (select * from "public"."knex_migrations_lock");
step check: select count(*) as lock_rows from "public"."knex_migrations_lock";
lock_rows
---------
        1
(1 row)


starting permutation: alice_read alice_insert bob_read check
step alice_read: select * from "public"."knex_migrations_lock";
index|is_locked
-----+---------
(0 rows)

step alice_insert: insert into "public"."knex_migrations_lock" ("is_locked") select 0 where not exists (select * from "public"."knex_migrations_lock");
step bob_read: select * from "public"."knex_migrations_lock";
index|is_locked
-----+---------
    1|        0
(1 row)

step check: select count(*) as lock_rows from "public"."knex_migrations_lock";
lock_rows
---------
        1
(1 row)


starting permutation: bob_read bob_insert alice_read check
step bob_read: select * from "public"."knex_migrations_lock";
index|is_locked
-----+---------
(0 rows)

step bob_insert: insert into "public"."knex_migrations_lock" ("is_locked") select 0 where not exists (select * from "public"."knex_migrations_lock");
step alice_read: select * from "public"."knex_migrations_lock";
index|is_locked
-----+---------
    1|        0
(1 row)

step check: select count(*) as lock_rows from "public"."knex_migrations_lock";
lock_rows
---------
        1
(1 row)

